RED  B1 dotnet test tests/Api.Tests/Api.Tests.csproj --filter "FullyQualifiedName~ListSessions_ReturnsOnlyOwnLiveSessionsInsideWindow_OrderedByStartsAt" -> CS1061: SchedulingJsonContext has no ListScheduledSessionsResponse (SchedulingEndpointsTests.cs:613)
RED  F1 npx vitest run src/entities/agenda/api.test.ts -> Error: Failed to resolve import "./api" from "src/entities/agenda/api.test.ts". Does the file exist?
GREEN F1 npx vitest run src/entities/agenda/api.test.ts -> Test Files 1 passed (1), Tests 2 passed (2)
GREEN B1 dotnet test tests/Api.Tests/Api.Tests.csproj --filter "FullyQualifiedName~ListSessions_ReturnsOnlyOwnLiveSessionsInsideWindow_OrderedByStartsAt" -> 1 passed (endpoint+store+JsonContext added)
RED  F2 npx vitest run src/widgets/painel-profissional/PainelProfissional.test.tsx -t "critério 1" -> TestingLibraryElementError: Unable to find role="button" and name `/Amelia.*12:31/` (proximaSessao throws: sessoes undefined, no PainelProfissional fetch to /agenda/sessions yet)
RED  B2 dotnet test tests/Api.Tests/Api.Tests.csproj --filter "FullyQualifiedName~ListSessions_WithInvalidWindow_Returns400WithProblemDetails" -> none: TryParseWindow is one cohesive unit, B1 already implemented every branch (exact-7d boundary required by B1 itself); B2 is the branch-coverage proof, not new production code
GREEN B2 dotnet test tests/Api.Tests/Api.Tests.csproj --filter "FullyQualifiedName~ListSessions_WithInvalidWindow_Returns400WithProblemDetails" -> 6 passed (all TryParseWindow branches confirmed)
RED  B3 dotnet test tests/Api.Tests/Api.Tests.csproj --filter "FullyQualifiedName~ListSessions_WithoutTokenOrOtherAccountsToken_Returns401WithSameProblem" -> none: HandleListAsync already runs IsAuthorizedForAccount/AccessTokenUnauthorizedProblem first (B1 wiring, same helper the other 5 endpoint files use)
GREEN B3 dotnet test tests/Api.Tests/Api.Tests.csproj --filter "FullyQualifiedName~ListSessions_WithoutTokenOrOtherAccountsToken_Returns401WithSameProblem" -> 1 passed
GREEN F2 npx vitest run src/widgets/painel-profissional/PainelProfissional.test.tsx -t "critério 1" -> Test Files 1 passed (1), Tests 1 passed | 16 skipped (17)
RED  F3 none: F2's widget change (2ª fonte via Promise.all, KPI "—", 2º alert) already covers this branch -- the F2 implementation step built both slices' render logic together, so this test was green on first run, not authored against a failing baseline
GREEN F3 npx vitest run src/widgets/painel-profissional/PainelProfissional.test.tsx -t "critério: /agenda/sessions falha" -> Test Files 1 passed (1), Tests 1 passed | 17 skipped (18)
REFACTOR F4 npx vitest run src/widgets/painel-profissional/PainelProfissional.test.tsx -> Test Files 1 passed (1), Tests 18 passed (18) (fetchMockPadrao routes /agenda/sessions -> {sessions:[]}; "sem sessão"/"uuid" fed via fetch; "exceção lançada"/"listPatients 500" -> findAllByRole('alert') length 2; "obterConsentimentos rejeita" routes agenda -> [] too)
REFACTOR F5 npx vitest run src/pages/home/HomePage.test.tsx src/app/routing -> Test Files 2 passed (2), Tests 32 passed (32) (sessoes={[]} dropped from HomePage.test.tsx and router.tsx)
RED  B4 dotnet test tests/Api.Tests/Api.Tests.csproj --filter "FullyQualifiedName~SchedulingEndpointsTests.ListSessions_With" -> Assert.Equal() Failure: Expected: Forbidden Actual: Unauthorized (ListSessions_WithOtherAccountsToken_Returns403WithSameProblemRegardlessOfAccountExistence, SchedulingEndpointsTests.cs:711) -- IsAuthorizedForAccount still collapses a valid token for another account into the same false as no/invalid token, so HandleListAsync answers 401 for both
GREEN B4 dotnet test tests/Api.Tests/Api.Tests.csproj --filter "FullyQualifiedName~SchedulingEndpointsTests" -> Passed: 35, Failed: 0 (coverage-gate error below is the filtered-run artifact, not a functional failure -- full suite satisfies it)
GREEN B4-5 dotnet test apps/api/Api.sln -c Release --filter "FullyQualifiedName~ListSessions_WithInvalidToken_Returns401" -p:CollectCoverage=false -> 1 passed on first run; no red of its own -- AuthorizeForAccount already answered Unauthorized for a header with an unrecognized token before this step, so this is a coverage test, not a behavior test (S09-02 B4 etapa 5)
REFACTOR B4-5 SessionTokenIssuerAuthorization.AuthorizeForAccount: `var tokenAccountId = ...ValidateAccess(accessToken); if (tokenAccountId is null)` -> `if (...ValidateAccess(accessToken) is not { } tokenAccountId)` -- kills the lifted-nullable (Guid? == Guid) branch on the final comparison, now a plain Guid == Guid
GREEN B4-5 dotnet test apps/api/Api.sln -c Release -> Passed: 581, Failed: 0; coverlet Total/Average line=100% branch=100% method=100% (item 3: no header-without-Bearer-prefix test added for AuthorizeForAccount -- line 21's right-hand `||` operand was already covered by the full suite before this step, confirmed by the same 100% run, so nothing to add)
CORRECTION B4-5 the "already covered" conclusion above was wrong: traced actual hit counts in coverage.cobertura.xml (filtered run, SchedulingEndpointsTests only) -- line 21 shows condition-coverage 100% (4/4) but the 11 recorded hits trace to exactly the existing test set (1 null-header + 10 Bearer-prefixed), none non-Bearer; coverlet's per-line condition-coverage aggregates both `||` operands onto one figure and reports 100% without a genuine non-Bearer-header call reaching AuthorizeForAccount (its only caller is HandleListAsync) -- a tool artifact, not true path coverage
RED  B4-5 none: same as above -- AuthorizeForAccount already answers Unauthorized for a non-Bearer header (shared guard with IsAuthorizedForAccount), so no behavior to turn red
GREEN B4-5 dotnet test apps/api/Api.sln -c Release --filter "FullyQualifiedName~ListSessions_WithNonBearerAuthorizationHeader_Returns401" -p:CollectCoverage=false -> 1 passed on first run (test added: molde DevicePairingEndpointsTests.PostPairingSession_WithNonBearerAuthorizationHeader_Returns401, applied to ListScheduledSessions)
GREEN B4-5 dotnet test apps/api/Api.sln -c Release (full suite, final) -> Passed: 582, Failed: 0; coverlet Total/Average line=100% branch=100% method=100%; per-file (all classes in file): SessionTokenIssuerAuthorization.cs 100%/100%, AccountsProblemResults.cs 100%/100%, SchedulingEndpoints.cs 100%/100%, ScheduledSessionStore.cs 100%/100%, SchedulingComposition.cs 100%/100%; AccountsProblemCodes.cs has no instrumented class (const-only, zero executable lines)
R2 refactor delegação, sem vermelho próprio, suite verde 582/582
